
> vrg-organization-frontend@0.1.0 test
> vitest run

npm : [33mThe CJS build of Vite's Node API is deprecated. See 
https://vite.dev/guide/troubleshooting.html#vite-cjs-node-api-deprecated for 
more details.[39m
No linha:1 caractere:1
+ npm --prefix "c:\Users\User\Desktop\vrg_trasnport_organization\vrg-tr ...
+ ~~~~~~~~~~~~~~~~~~~~~~~~~~~~~~~~~~~~~~~~~~~~~~~~~~~~~~~~~~~~~~~~~~~~~
    + CategoryInfo          : NotSpecified: ([33mThe CJS bu...e details.[39m 
   :String) [], RemoteException
    + FullyQualifiedErrorId : NativeCommandError
 

[1m[7m[36m RUN [39m[27m[22m [36mv2.1.9 [39m[90mc:/Users/User/Desktop/vrg_trasnport_organization/vrg-transport-student-frontend[39m

 [32mÔ£ô[39m src/lib/storageWithTTL.test.ts [2m([22m[2m16 tests[22m[2m)[22m[90m 53[2mms[22m[39m
 [32mÔ£ô[39m src/lib/apiClient.test.ts [2m([22m[2m16 tests[22m[2m)[22m[90m 104[2mms[22m[39m
 [32mÔ£ô[39m src/components/dashboard/SwipeNavigator.test.tsx [2m([22m[2m15 tests[22m[2m)[22m[90m 235[2mms[22m[39m
 [32mÔ£ô[39m src/app/dashboard/request-license/page.test.tsx [2m([22m[2m14 tests[22m[2m)[22m[33m 464[2mms[22m[39m
 [32mÔ£ô[39m src/hooks/useLicense.test.ts [2m([22m[2m13 tests[22m[2m)[22m[33m 888[2mms[22m[39m
 [32mÔ£ô[39m src/components/dashboard/LicenseStatusCard.test.tsx [2m([22m[2m13 tests[22m[2m)[22m[33m 619[2mms[22m[39m
 [32mÔ£ô[39m src/hooks/useInstitutionAutocomplete.test.ts [2m([22m[2m20 tests[22m[2m)[22m[33m 1637[2mms[22m[39m
 [32mÔ£ô[39m src/app/bus/page.test.tsx [2m([22m[2m9 tests[22m[2m)[22m[33m 549[2mms[22m[39m
 [32mÔ£ô[39m src/components/dashboard/LicenseActionCard.test.tsx [2m([22m[2m20 tests[22m[2m)[22m[33m 652[2mms[22m[39m
 [32mÔ£ô[39m src/components/dashboard/documents/DocumentCard.test.tsx [2m([22m[2m13 tests[22m[2m)[22m[33m 662[2mms[22m[39m
 [32mÔ£ô[39m src/app/api/auth/login/route.test.ts [2m([22m[2m5 tests[22m[2m)[22m[90m 95[2mms[22m[39m
 [32mÔ£ô[39m src/contexts/AuthContext.test.tsx [2m([22m[2m2 tests[22m[2m)[22m[90m 211[2mms[22m[39m
 [32mÔ£ô[39m src/app/api/auth/session/route.test.ts [2m([22m[2m4 tests[22m[2m)[22m[90m 110[2mms[22m[39m
 [32mÔ£ô[39m src/components/dashboard/license-request/DocumentUpload.test.tsx [2m([22m[2m4 tests[22m[2m)[22m[33m 677[2mms[22m[39m
   [33m[2mÔ£ô[22m[39m DocumentUpload[2m > [22mdeve disparar callbacks criticos de selecionar arquivo valido e remover [33m339[2mms[22m[39m
 [32mÔ£ô[39m src/app/dashboard/documents/page.test.tsx [2m([22m[2m2 tests[22m[2m)[22m[33m 489[2mms[22m[39m
   [33m[2mÔ£ô[22m[39m DocumentsPage[2m > [22mdeve controlar visibilidade da acao de atualizacao quando usuario nao tem licenca [33m416[2mms[22m[39m
 [32mÔ£ô[39m src/components/bus/BusCard.test.tsx [2m([22m[2m8 tests[22m[2m)[22m[33m 363[2mms[22m[39m
 [31mÔØ»[39m src/mocks/licenseRequest.test.ts [2m([22m[2m2 tests[22m[2m | [22m[31m2 failed[39m[2m)[22m[90m 246[2mms[22m[39m
[31m   [31m├ù[31m POST /api/v1/license-request MSW mock[2m > [22mretorna filaPosition determin├¡stica por universityId (JSON)[90m 192[2mms[22m[31m[39m
[31m     ÔåÆ expected 6 to be 18 // Object.is equality[39m
[31m   [31m├ù[31m POST /api/v1/license-request MSW mock[2m > [22mretorna filaPosition determin├¡stica quando universityId enviado via query[90m 38[2mms[22m[31m[39m
[31m     ÔåÆ expected 6 to be 12 // Object.is equality[39m
 [32mÔ£ô[39m src/test/session-contract.test.ts [2m([22m[2m1 test[22m[2m)[22m[90m 137[2mms[22m[39m
 [32mÔ£ô[39m src/components/dashboard/license-request/Step1InfoForm.test.tsx [2m([22m[2m2 tests[22m[2m)[22m[33m 2079[2mms[22m[39m
   [33m[2mÔ£ô[22m[39m Step1InfoForm[2m > [22mdeve permitir continuar quando campos obrigatorios estiverem validos [33m1741[2mms[22m[39m
 [32mÔ£ô[39m src/components/auth/LoginForm.test.tsx [2m([22m[2m2 tests[22m[2m)[22m[33m 1611[2mms[22m[39m
   [33m[2mÔ£ô[22m[39m LoginForm[2m > [22mdeve validar senha antes de enviar quando tamanho e invalido [33m1055[2mms[22m[39m
   [33m[2mÔ£ô[22m[39m LoginForm[2m > [22mdeve exibir erro geral quando autenticacao falha [33m545[2mms[22m[39m
 [32mÔ£ô[39m src/lib/validation/auth.contract.test.ts [2m([22m[2m2 tests[22m[2m)[22m[90m 24[2mms[22m[39m
 [32mÔ£ô[39m src/components/auth/RegisterForm.test.tsx [2m([22m[2m3 tests[22m[2m)[22m[33m 3699[2mms[22m[39m
   [33m[2mÔ£ô[22m[39m RegisterForm[2m > [22mdeve validar campos e exibir erros por campo [33m2008[2mms[22m[39m
   [33m[2mÔ£ô[22m[39m RegisterForm[2m > [22mdeve exibir erro geral quando cadastro falhar [33m1590[2mms[22m[39m

[31mÔÄ»ÔÄ»ÔÄ»ÔÄ»ÔÄ»ÔÄ»ÔÄ»[1m[7m Failed Tests 2 
[27m[22mÔÄ»ÔÄ»ÔÄ»ÔÄ»ÔÄ»ÔÄ»ÔÄ»[39m

[31m[1m[7m FAIL [27m[22m[39m src/mocks/licenseRequest.test.ts[2m > 
[22mPOST /api/v1/license-request MSW mock[2m > [22mretorna filaPosition 
determin├¡stica por universityId (JSON)
[31m[1mAssertionError[22m: expected 6 to be 18 // Object.is equality[39m

[32m- Expected[39m
[31m+ Received[39m

[32m- 18[39m
[31m+ 6[39m

[36m [2mÔØ»[22m src/mocks/licenseRequest.test.ts:[2m25:32[22m[39m
    [90m 23| [39m    [34mexpect[39m(resB)[33m.[39m[34mtoHaveProperty[39
m([32m"filaPosition"[39m)[33m;[39m
    [90m 24| [39m
    [90m 25| [39m    [34mexpect[39m(resA1[33m.[39mfilaPosition)[33m.[39
m[34mtoBe[39m([34mcomputeFilaPosition[39m(uniA))[33m;[39m
    [90m   | [39m                               [31m^[39m
    [90m 26| [39m    [34mexpect[39m(resA2[33m.[39mfilaPosition)[33m.[39
m[34mtoBe[39m([34mcomputeFilaPosition[39m(uniA))[33m;[39m
    [90m 27| [39m    [34mexpect[39m(resB[33m.[39mfilaPosition)[33m.[39m
[34mtoBe[39m([34mcomputeFilaPosition[39m(uniB))[33m;[39m

[31m[2mÔÄ»ÔÄ»ÔÄ»ÔÄ»ÔÄ»ÔÄ»ÔÄ»ÔÄ»ÔÄ»ÔÄ»ÔÄ»ÔÄ»ÔÄ»ÔÄ»ÔÄ»ÔÄ»ÔÄ»ÔÄ»ÔÄ»ÔÄ»ÔÄ»ÔÄ»ÔÄ»Ô
Ä»[1/2]ÔÄ»[22m[39m

[31m[1m[7m FAIL [27m[22m[39m src/mocks/licenseRequest.test.ts[2m > 
[22mPOST /api/v1/license-request MSW mock[2m > [22mretorna filaPosition 
determin├¡stica quando universityId enviado via query
[31m[1mAssertionError[22m: expected 6 to be 12 // Object.is equality[39m

[32m- Expected[39m
[31m+ Received[39m

[32m- 12[39m
[31m+ 6[39m

[36m [2mÔØ»[22m src/mocks/licenseRequest.test.ts:[2m36:30[22m[39m
    [90m 34| [39m    [35mconst[39m uniQ [33m=[39m 
[32m"uni-query-xyz"[39m[33m;[39m
    [90m 35| [39m    [35mconst[39m res [33m=[39m [35mawait[39m apiClien
t[33m.[39mpost[33m<[39many[33m>[39m([32m`/license-request?university[39
mÔÇª
    [90m 36| [39m    [34mexpect[39m(res[33m.[39mfilaPosition)[33m.[39m
[34mtoBe[39m([34mcomputeFilaPosition[39m(uniQ))[33m;[39m
    [90m   | [39m                             [31m^[39m
    [90m 37| [39m  })[33m;[39m
    [90m 38| [39m})[33m;[39m

[31m[2mÔÄ»ÔÄ»ÔÄ»ÔÄ»ÔÄ»ÔÄ»ÔÄ»ÔÄ»ÔÄ»ÔÄ»ÔÄ»ÔÄ»ÔÄ»ÔÄ»ÔÄ»ÔÄ»ÔÄ»ÔÄ»ÔÄ»ÔÄ»ÔÄ»ÔÄ»ÔÄ»Ô
Ä»[2/2]ÔÄ»[22m[39m

[2m Test Files [22m [1m[31m1 failed[39m[22m[2m | [22m[1m[32m21 passed[39m[22m[90m (22)[39m
[2m      Tests [22m [1m[31m2 failed[39m[22m[2m | [22m[1m[32m184 passed[39m[22m[90m (186)[39m
[2m   Start at [22m 21:04:08
[2m   Duration [22m 23.05s[2m (transform 3.54s, setup 36.57s, collect 14.78s, tests 15.61s, environment 52.60s, prepare 7.93s)[22m

